Archive member included to satisfy reference by file (symbol)

c:/altera_lite/15.1/nios2eds/bin/gnu/h-x86_64-mingw32/bin/../lib/gcc/nios2-elf/4.9.2/mno-hw-mul\libgcc.a(lib2-mul.o)
                              obj/default/hello_world.o (__mulsi3)
../ConexionHex_bsp/\libhal_bsp.a(alt_load.o)
                              ../ConexionHex_bsp//obj/HAL/src/crt0.o (alt_load)
../ConexionHex_bsp/\libhal_bsp.a(alt_main.o)
                              ../ConexionHex_bsp//obj/HAL/src/crt0.o (alt_main)
../ConexionHex_bsp/\libhal_bsp.a(alt_sys_init.o)
                              ../ConexionHex_bsp/\libhal_bsp.a(alt_main.o) (alt_irq_init)
../ConexionHex_bsp/\libhal_bsp.a(alt_close.o)
                              ../ConexionHex_bsp/\libhal_bsp.a(alt_main.o) (close)
../ConexionHex_bsp/\libhal_bsp.a(alt_dcache_flush_all.o)
                              ../ConexionHex_bsp/\libhal_bsp.a(alt_load.o) (alt_dcache_flush_all)
../ConexionHex_bsp/\libhal_bsp.a(alt_dev.o)
                              ../ConexionHex_bsp/\libhal_bsp.a(alt_close.o) (alt_fd_list)
../ConexionHex_bsp/\libhal_bsp.a(alt_do_ctors.o)
                              ../ConexionHex_bsp/\libhal_bsp.a(alt_main.o) (_do_ctors)
../ConexionHex_bsp/\libhal_bsp.a(alt_do_dtors.o)
                              ../ConexionHex_bsp/\libhal_bsp.a(alt_main.o) (_do_dtors)
../ConexionHex_bsp/\libhal_bsp.a(alt_errno.o)
                              ../ConexionHex_bsp/\libhal_bsp.a(alt_close.o) (alt_errno)
../ConexionHex_bsp/\libhal_bsp.a(alt_icache_flush_all.o)
                              ../ConexionHex_bsp/\libhal_bsp.a(alt_load.o) (alt_icache_flush_all)
../ConexionHex_bsp/\libhal_bsp.a(alt_release_fd.o)
                              ../ConexionHex_bsp/\libhal_bsp.a(alt_close.o) (alt_release_fd)
../ConexionHex_bsp/\libhal_bsp.a(altera_nios2_gen2_irq.o)
                              ../ConexionHex_bsp/\libhal_bsp.a(alt_sys_init.o) (altera_nios2_gen2_irq_init)
c:/altera_lite/15.1/nios2eds/bin/gnu/h-x86_64-mingw32/bin/../lib/gcc/nios2-elf/4.9.2/../../../../../H-x86_64-mingw32/nios2-elf/lib/mno-hw-mul\libc.a(lib_a-atexit.o)
                              ../ConexionHex_bsp/\libhal_bsp.a(alt_main.o) (atexit)
c:/altera_lite/15.1/nios2eds/bin/gnu/h-x86_64-mingw32/bin/../lib/gcc/nios2-elf/4.9.2/../../../../../H-x86_64-mingw32/nios2-elf/lib/mno-hw-mul\libc.a(lib_a-exit.o)
                              ../ConexionHex_bsp/\libhal_bsp.a(alt_main.o) (exit)
c:/altera_lite/15.1/nios2eds/bin/gnu/h-x86_64-mingw32/bin/../lib/gcc/nios2-elf/4.9.2/../../../../../H-x86_64-mingw32/nios2-elf/lib/mno-hw-mul\libc.a(lib_a-impure.o)
                              c:/altera_lite/15.1/nios2eds/bin/gnu/h-x86_64-mingw32/bin/../lib/gcc/nios2-elf/4.9.2/../../../../../H-x86_64-mingw32/nios2-elf/lib/mno-hw-mul\libc.a(lib_a-exit.o) (_global_impure_ptr)
c:/altera_lite/15.1/nios2eds/bin/gnu/h-x86_64-mingw32/bin/../lib/gcc/nios2-elf/4.9.2/../../../../../H-x86_64-mingw32/nios2-elf/lib/mno-hw-mul\libc.a(lib_a-int_errno.o)
                              ../ConexionHex_bsp/\libhal_bsp.a(alt_close.o) (errno)
c:/altera_lite/15.1/nios2eds/bin/gnu/h-x86_64-mingw32/bin/../lib/gcc/nios2-elf/4.9.2/../../../../../H-x86_64-mingw32/nios2-elf/lib/mno-hw-mul\libc.a(lib_a-__atexit.o)
                              c:/altera_lite/15.1/nios2eds/bin/gnu/h-x86_64-mingw32/bin/../lib/gcc/nios2-elf/4.9.2/../../../../../H-x86_64-mingw32/nios2-elf/lib/mno-hw-mul\libc.a(lib_a-atexit.o) (__register_exitproc)
c:/altera_lite/15.1/nios2eds/bin/gnu/h-x86_64-mingw32/bin/../lib/gcc/nios2-elf/4.9.2/../../../../../H-x86_64-mingw32/nios2-elf/lib/mno-hw-mul\libc.a(lib_a-__call_atexit.o)
                              c:/altera_lite/15.1/nios2eds/bin/gnu/h-x86_64-mingw32/bin/../lib/gcc/nios2-elf/4.9.2/../../../../../H-x86_64-mingw32/nios2-elf/lib/mno-hw-mul\libc.a(lib_a-exit.o) (__call_exitprocs)
../ConexionHex_bsp/\libhal_bsp.a(alt_exit.o)
                              c:/altera_lite/15.1/nios2eds/bin/gnu/h-x86_64-mingw32/bin/../lib/gcc/nios2-elf/4.9.2/../../../../../H-x86_64-mingw32/nios2-elf/lib/mno-hw-mul\libc.a(lib_a-exit.o) (_exit)

Allocating common symbols
Common symbol       size              file

errno               0x4               c:/altera_lite/15.1/nios2eds/bin/gnu/h-x86_64-mingw32/bin/../lib/gcc/nios2-elf/4.9.2/../../../../../H-x86_64-mingw32/nios2-elf/lib/mno-hw-mul\libc.a(lib_a-int_errno.o)

Memory Configuration

Name             Origin             Length             Attributes
reset            0x0000000000020000 0x0000000000000020
onchip_memory    0x0000000000020020 0x000000000001ffe0
*default*        0x0000000000000000 0xffffffffffffffff

Linker script and memory map

LOAD ../ConexionHex_bsp//obj/HAL/src/crt0.o
LOAD obj/default/hello_world.o
LOAD c:/altera_lite/15.1/nios2eds/bin/gnu/h-x86_64-mingw32/bin/../lib/gcc/nios2-elf/4.9.2/../../../../../H-x86_64-mingw32/nios2-elf/lib/mno-hw-mul\libstdc++.a
LOAD c:/altera_lite/15.1/nios2eds/bin/gnu/h-x86_64-mingw32/bin/../lib/gcc/nios2-elf/4.9.2/../../../../../H-x86_64-mingw32/nios2-elf/lib/mno-hw-mul\libm.a
LOAD c:/altera_lite/15.1/nios2eds/bin/gnu/h-x86_64-mingw32/bin/../lib/gcc/nios2-elf/4.9.2/mno-hw-mul\libgcc.a
START GROUP
LOAD c:/altera_lite/15.1/nios2eds/bin/gnu/h-x86_64-mingw32/bin/../lib/gcc/nios2-elf/4.9.2/../../../../../H-x86_64-mingw32/nios2-elf/lib/mno-hw-mul\libc.a
LOAD c:/altera_lite/15.1/nios2eds/bin/gnu/h-x86_64-mingw32/bin/../lib/gcc/nios2-elf/4.9.2/mno-hw-mul\libgcc.a
LOAD ../ConexionHex_bsp/\libhal_bsp.a
LOAD c:/altera_lite/15.1/nios2eds/bin/gnu/h-x86_64-mingw32/bin/../lib/gcc/nios2-elf/4.9.2/../../../../../H-x86_64-mingw32/nios2-elf/lib/mno-hw-mul\libm.a
END GROUP
LOAD c:/altera_lite/15.1/nios2eds/bin/gnu/h-x86_64-mingw32/bin/../lib/gcc/nios2-elf/4.9.2/mno-hw-mul\libgcc.a
                0x0000000000020000                __alt_mem_onchip_memory = 0x20000

.entry          0x0000000000020000       0x20
 *(.entry)
 .entry         0x0000000000020000       0x20 ../ConexionHex_bsp//obj/HAL/src/crt0.o
                0x0000000000020000                __reset

.exceptions     0x0000000000020020        0x0
                0x0000000000020020                PROVIDE (__ram_exceptions_start, ABSOLUTE (.))
                0x0000000000020020                . = ALIGN (0x20)
 *(.irq)
 *(.exceptions.entry.label)
 *(.exceptions.entry.user)
 *(.exceptions.entry.ecc_fatal)
 *(.exceptions.entry)
 *(.exceptions.irqtest.user)
 *(.exceptions.irqtest)
 *(.exceptions.irqhandler.user)
 *(.exceptions.irqhandler)
 *(.exceptions.irqreturn.user)
 *(.exceptions.irqreturn)
 *(.exceptions.notirq.label)
 *(.exceptions.notirq.user)
 *(.exceptions.notirq)
 *(.exceptions.soft.user)
 *(.exceptions.soft)
 *(.exceptions.unknown.user)
 *(.exceptions.unknown)
 *(.exceptions.exit.label)
 *(.exceptions.exit.user)
 *(.exceptions.exit)
 *(.exceptions)
                0x0000000000020020                PROVIDE (__ram_exceptions_end, ABSOLUTE (.))
                0x0000000000020020                PROVIDE (__flash_exceptions_start, LOADADDR (.exceptions))

.text           0x0000000000020020      0xa60
                0x0000000000020020                PROVIDE (stext, ABSOLUTE (.))
 *(.interp)
 *(.hash)
 *(.dynsym)
 *(.dynstr)
 *(.gnu.version)
 *(.gnu.version_d)
 *(.gnu.version_r)
 *(.rel.init)
 *(.rela.init)
 *(.rel.text .rel.text.* .rel.gnu.linkonce.t.*)
 *(.rela.text .rela.text.* .rela.gnu.linkonce.t.*)
 *(.rel.fini)
 *(.rela.fini)
 *(.rel.rodata .rel.rodata.* .rel.gnu.linkonce.r.*)
 *(.rela.rodata .rela.rodata.* .rela.gnu.linkonce.r.*)
 *(.rel.data .rel.data.* .rel.gnu.linkonce.d.*)
 *(.rela.data .rela.data.* .rela.gnu.linkonce.d.*)
 *(.rel.tdata .rel.tdata.* .rel.gnu.linkonce.td.*)
 *(.rela.tdata .rela.tdata.* .rela.gnu.linkonce.td.*)
 *(.rel.tbss .rel.tbss.* .rel.gnu.linkonce.tb.*)
 *(.rela.tbss .rela.tbss.* .rela.gnu.linkonce.tb.*)
 *(.rel.ctors)
 *(.rela.ctors)
 *(.rel.dtors)
 *(.rela.dtors)
 *(.rel.got)
 *(.rela.got)
 *(.rel.sdata .rel.sdata.* .rel.gnu.linkonce.s.*)
 *(.rela.sdata .rela.sdata.* .rela.gnu.linkonce.s.*)
 *(.rel.sbss .rel.sbss.* .rel.gnu.linkonce.sb.*)
 *(.rela.sbss .rela.sbss.* .rela.gnu.linkonce.sb.*)
 *(.rel.sdata2 .rel.sdata2.* .rel.gnu.linkonce.s2.*)
 *(.rela.sdata2 .rela.sdata2.* .rela.gnu.linkonce.s2.*)
 *(.rel.sbss2 .rel.sbss2.* .rel.gnu.linkonce.sb2.*)
 *(.rela.sbss2 .rela.sbss2.* .rela.gnu.linkonce.sb2.*)
 *(.rel.bss .rel.bss.* .rel.gnu.linkonce.b.*)
 *(.rela.bss .rela.bss.* .rela.gnu.linkonce.b.*)
 *(.rel.plt)
 *(.rela.plt)
 *(.rel.dyn)
 *(.init)
 *(.plt)
 *(.text .stub .text.* .gnu.linkonce.t.*)
 .text          0x0000000000020020       0x3c ../ConexionHex_bsp//obj/HAL/src/crt0.o
                0x0000000000020020                _start
 .text          0x000000000002005c      0x260 obj/default/hello_world.o
                0x000000000002005c                main
 .text          0x00000000000202bc       0x28 c:/altera_lite/15.1/nios2eds/bin/gnu/h-x86_64-mingw32/bin/../lib/gcc/nios2-elf/4.9.2/mno-hw-mul\libgcc.a(lib2-mul.o)
                0x00000000000202bc                __mulsi3
 .text          0x00000000000202e4       0xe4 ../ConexionHex_bsp/\libhal_bsp.a(alt_load.o)
                0x0000000000020348                alt_load
 .text          0x00000000000203c8       0x5c ../ConexionHex_bsp/\libhal_bsp.a(alt_main.o)
                0x00000000000203c8                alt_main
 .text          0x0000000000020424       0x50 ../ConexionHex_bsp/\libhal_bsp.a(alt_sys_init.o)
                0x0000000000020424                alt_irq_init
                0x0000000000020458                alt_sys_init
 .text          0x0000000000020474      0x128 ../ConexionHex_bsp/\libhal_bsp.a(alt_close.o)
                0x00000000000204c4                close
 .text          0x000000000002059c       0x1c ../ConexionHex_bsp/\libhal_bsp.a(alt_dcache_flush_all.o)
                0x000000000002059c                alt_dcache_flush_all
 .text          0x00000000000205b8       0x2c ../ConexionHex_bsp/\libhal_bsp.a(alt_dev.o)
 .text          0x00000000000205e4       0x5c ../ConexionHex_bsp/\libhal_bsp.a(alt_do_ctors.o)
                0x00000000000205e4                _do_ctors
 .text          0x0000000000020640       0x5c ../ConexionHex_bsp/\libhal_bsp.a(alt_do_dtors.o)
                0x0000000000020640                _do_dtors
 .text          0x000000000002069c        0x0 ../ConexionHex_bsp/\libhal_bsp.a(alt_errno.o)
 .text          0x000000000002069c       0x1c ../ConexionHex_bsp/\libhal_bsp.a(alt_icache_flush_all.o)
                0x000000000002069c                alt_icache_flush_all
 .text          0x00000000000206b8       0x80 ../ConexionHex_bsp/\libhal_bsp.a(alt_release_fd.o)
                0x00000000000206b8                alt_release_fd
 .text          0x0000000000020738       0x20 ../ConexionHex_bsp/\libhal_bsp.a(altera_nios2_gen2_irq.o)
                0x0000000000020738                altera_nios2_gen2_irq_init
 .text          0x0000000000020758        0x0 c:/altera_lite/15.1/nios2eds/bin/gnu/h-x86_64-mingw32/bin/../lib/gcc/nios2-elf/4.9.2/../../../../../H-x86_64-mingw32/nios2-elf/lib/mno-hw-mul\libc.a(lib_a-atexit.o)
 .text.atexit   0x0000000000020758       0x14 c:/altera_lite/15.1/nios2eds/bin/gnu/h-x86_64-mingw32/bin/../lib/gcc/nios2-elf/4.9.2/../../../../../H-x86_64-mingw32/nios2-elf/lib/mno-hw-mul\libc.a(lib_a-atexit.o)
                0x0000000000020758                atexit
 .text          0x000000000002076c        0x0 c:/altera_lite/15.1/nios2eds/bin/gnu/h-x86_64-mingw32/bin/../lib/gcc/nios2-elf/4.9.2/../../../../../H-x86_64-mingw32/nios2-elf/lib/mno-hw-mul\libc.a(lib_a-exit.o)
 .text.exit     0x000000000002076c       0x38 c:/altera_lite/15.1/nios2eds/bin/gnu/h-x86_64-mingw32/bin/../lib/gcc/nios2-elf/4.9.2/../../../../../H-x86_64-mingw32/nios2-elf/lib/mno-hw-mul\libc.a(lib_a-exit.o)
                0x000000000002076c                exit
 .text          0x00000000000207a4        0x0 c:/altera_lite/15.1/nios2eds/bin/gnu/h-x86_64-mingw32/bin/../lib/gcc/nios2-elf/4.9.2/../../../../../H-x86_64-mingw32/nios2-elf/lib/mno-hw-mul\libc.a(lib_a-impure.o)
 .text          0x00000000000207a4        0x0 c:/altera_lite/15.1/nios2eds/bin/gnu/h-x86_64-mingw32/bin/../lib/gcc/nios2-elf/4.9.2/../../../../../H-x86_64-mingw32/nios2-elf/lib/mno-hw-mul\libc.a(lib_a-int_errno.o)
 .text          0x00000000000207a4        0x0 c:/altera_lite/15.1/nios2eds/bin/gnu/h-x86_64-mingw32/bin/../lib/gcc/nios2-elf/4.9.2/../../../../../H-x86_64-mingw32/nios2-elf/lib/mno-hw-mul\libc.a(lib_a-__atexit.o)
 .text.__register_exitproc
                0x00000000000207a4      0x114 c:/altera_lite/15.1/nios2eds/bin/gnu/h-x86_64-mingw32/bin/../lib/gcc/nios2-elf/4.9.2/../../../../../H-x86_64-mingw32/nios2-elf/lib/mno-hw-mul\libc.a(lib_a-__atexit.o)
                0x00000000000207a4                __register_exitproc
 .text          0x00000000000208b8        0x0 c:/altera_lite/15.1/nios2eds/bin/gnu/h-x86_64-mingw32/bin/../lib/gcc/nios2-elf/4.9.2/../../../../../H-x86_64-mingw32/nios2-elf/lib/mno-hw-mul\libc.a(lib_a-__call_atexit.o)
 .text.__call_exitprocs
                0x00000000000208b8      0x194 c:/altera_lite/15.1/nios2eds/bin/gnu/h-x86_64-mingw32/bin/../lib/gcc/nios2-elf/4.9.2/../../../../../H-x86_64-mingw32/nios2-elf/lib/mno-hw-mul\libc.a(lib_a-__call_atexit.o)
                0x00000000000208b8                __call_exitprocs
 .text          0x0000000000020a4c       0x34 ../ConexionHex_bsp/\libhal_bsp.a(alt_exit.o)
                0x0000000000020a4c                _exit
 *(.gnu.warning.*)
 *(.fini)
                0x0000000000020a80                PROVIDE (__etext, ABSOLUTE (.))
                0x0000000000020a80                PROVIDE (_etext, ABSOLUTE (.))
                0x0000000000020a80                PROVIDE (etext, ABSOLUTE (.))
 *(.eh_frame_hdr)
                0x0000000000020a80                . = ALIGN (0x4)
                0x0000000000020a80                PROVIDE (__preinit_array_start, ABSOLUTE (.))
 *(.preinit_array)
                0x0000000000020a80                PROVIDE (__preinit_array_end, ABSOLUTE (.))
                0x0000000000020a80                PROVIDE (__init_array_start, ABSOLUTE (.))
 *(.init_array)
                0x0000000000020a80                PROVIDE (__init_array_end, ABSOLUTE (.))
                0x0000000000020a80                PROVIDE (__fini_array_start, ABSOLUTE (.))
 *(.fini_array)
                0x0000000000020a80                PROVIDE (__fini_array_end, ABSOLUTE (.))
 *(.eh_frame)
 *(.gcc_except_table .gcc_except_table.*)
 *(.dynamic)
                0x0000000000020a80                PROVIDE (__CTOR_LIST__, ABSOLUTE (.))
 *(.ctors)
 *(SORT(.ctors.*))
                0x0000000000020a80                PROVIDE (__CTOR_END__, ABSOLUTE (.))
                0x0000000000020a80                PROVIDE (__DTOR_LIST__, ABSOLUTE (.))
 *(.dtors)
 *(SORT(.dtors.*))
                0x0000000000020a80                PROVIDE (__DTOR_END__, ABSOLUTE (.))
 *(.jcr)
                0x0000000000020a80                . = ALIGN (0x4)

.rodata         0x0000000000020a80       0x10
                0x0000000000020a80                PROVIDE (__ram_rodata_start, ABSOLUTE (.))
                0x0000000000020a80                . = ALIGN (0x4)
 *(.rodata .rodata.* .gnu.linkonce.r.*)
 .rodata        0x0000000000020a80        0xc ../ConexionHex_bsp/\libhal_bsp.a(alt_dev.o)
 .rodata.str1.4
                0x0000000000020a8c        0x4 c:/altera_lite/15.1/nios2eds/bin/gnu/h-x86_64-mingw32/bin/../lib/gcc/nios2-elf/4.9.2/../../../../../H-x86_64-mingw32/nios2-elf/lib/mno-hw-mul\libc.a(lib_a-impure.o)
 *(.rodata1)
                0x0000000000020a90                . = ALIGN (0x4)
                0x0000000000020a90                PROVIDE (__ram_rodata_end, ABSOLUTE (.))
                0x0000000000020a80                PROVIDE (__flash_rodata_start, LOADADDR (.rodata))

.rwdata         0x0000000000020a90      0x5fc load address 0x000000000002108c
                0x0000000000020a90                PROVIDE (__ram_rwdata_start, ABSOLUTE (.))
                0x0000000000020a90                . = ALIGN (0x4)
 *(.got.plt)
 *(.got)
 *(.data1)
 *(.data .data.* .gnu.linkonce.d.*)
 .data          0x0000000000020a90        0x0 ../ConexionHex_bsp//obj/HAL/src/crt0.o
 .data          0x0000000000020a90        0x0 obj/default/hello_world.o
 .data          0x0000000000020a90        0x0 c:/altera_lite/15.1/nios2eds/bin/gnu/h-x86_64-mingw32/bin/../lib/gcc/nios2-elf/4.9.2/mno-hw-mul\libgcc.a(lib2-mul.o)
 .data          0x0000000000020a90        0x0 ../ConexionHex_bsp/\libhal_bsp.a(alt_load.o)
 .data          0x0000000000020a90        0x0 ../ConexionHex_bsp/\libhal_bsp.a(alt_main.o)
 .data          0x0000000000020a90        0x0 ../ConexionHex_bsp/\libhal_bsp.a(alt_sys_init.o)
 .data          0x0000000000020a90        0x0 ../ConexionHex_bsp/\libhal_bsp.a(alt_close.o)
 .data          0x0000000000020a90        0x0 ../ConexionHex_bsp/\libhal_bsp.a(alt_dcache_flush_all.o)
 .data          0x0000000000020a90      0x1a8 ../ConexionHex_bsp/\libhal_bsp.a(alt_dev.o)
                0x0000000000020a90                alt_dev_null
                0x0000000000020ab8                alt_fd_list
 .data          0x0000000000020c38        0x0 ../ConexionHex_bsp/\libhal_bsp.a(alt_do_ctors.o)
 .data          0x0000000000020c38        0x0 ../ConexionHex_bsp/\libhal_bsp.a(alt_do_dtors.o)
 .data          0x0000000000020c38        0x0 ../ConexionHex_bsp/\libhal_bsp.a(alt_errno.o)
 .data          0x0000000000020c38        0x0 ../ConexionHex_bsp/\libhal_bsp.a(alt_icache_flush_all.o)
 .data          0x0000000000020c38        0x0 ../ConexionHex_bsp/\libhal_bsp.a(alt_release_fd.o)
 .data          0x0000000000020c38        0x0 ../ConexionHex_bsp/\libhal_bsp.a(altera_nios2_gen2_irq.o)
 .data          0x0000000000020c38        0x0 c:/altera_lite/15.1/nios2eds/bin/gnu/h-x86_64-mingw32/bin/../lib/gcc/nios2-elf/4.9.2/../../../../../H-x86_64-mingw32/nios2-elf/lib/mno-hw-mul\libc.a(lib_a-atexit.o)
 .data          0x0000000000020c38        0x0 c:/altera_lite/15.1/nios2eds/bin/gnu/h-x86_64-mingw32/bin/../lib/gcc/nios2-elf/4.9.2/../../../../../H-x86_64-mingw32/nios2-elf/lib/mno-hw-mul\libc.a(lib_a-exit.o)
 .data          0x0000000000020c38        0x0 c:/altera_lite/15.1/nios2eds/bin/gnu/h-x86_64-mingw32/bin/../lib/gcc/nios2-elf/4.9.2/../../../../../H-x86_64-mingw32/nios2-elf/lib/mno-hw-mul\libc.a(lib_a-impure.o)
 .data.impure_data
                0x0000000000020c38      0x424 c:/altera_lite/15.1/nios2eds/bin/gnu/h-x86_64-mingw32/bin/../lib/gcc/nios2-elf/4.9.2/../../../../../H-x86_64-mingw32/nios2-elf/lib/mno-hw-mul\libc.a(lib_a-impure.o)
 .data          0x000000000002105c        0x0 c:/altera_lite/15.1/nios2eds/bin/gnu/h-x86_64-mingw32/bin/../lib/gcc/nios2-elf/4.9.2/../../../../../H-x86_64-mingw32/nios2-elf/lib/mno-hw-mul\libc.a(lib_a-int_errno.o)
 .data          0x000000000002105c        0x0 c:/altera_lite/15.1/nios2eds/bin/gnu/h-x86_64-mingw32/bin/../lib/gcc/nios2-elf/4.9.2/../../../../../H-x86_64-mingw32/nios2-elf/lib/mno-hw-mul\libc.a(lib_a-__atexit.o)
 .data          0x000000000002105c        0x0 c:/altera_lite/15.1/nios2eds/bin/gnu/h-x86_64-mingw32/bin/../lib/gcc/nios2-elf/4.9.2/../../../../../H-x86_64-mingw32/nios2-elf/lib/mno-hw-mul\libc.a(lib_a-__call_atexit.o)
 .data          0x000000000002105c        0x0 ../ConexionHex_bsp/\libhal_bsp.a(alt_exit.o)
                0x000000000002905c                _gp = ABSOLUTE ((. + 0x8000))
                0x000000000002905c                PROVIDE (gp, _gp)
 *(.rwdata .rwdata.*)
 *(.sdata .sdata.* .gnu.linkonce.s.*)
 .sdata         0x000000000002105c       0x10 obj/default/hello_world.o
                0x000000000002105c                onchip_control
                0x0000000000021060                onchip_data_limits
                0x0000000000021064                onchip_data_old_image
                0x0000000000021068                onchip_data_new_image
 .sdata         0x000000000002106c       0x14 ../ConexionHex_bsp/\libhal_bsp.a(alt_dev.o)
                0x000000000002106c                alt_fs_list
                0x0000000000021074                alt_dev_list
                0x000000000002107c                alt_max_fd
 .sdata         0x0000000000021080        0x4 ../ConexionHex_bsp/\libhal_bsp.a(alt_errno.o)
                0x0000000000021080                alt_errno
 .sdata._global_impure_ptr
                0x0000000000021084        0x4 c:/altera_lite/15.1/nios2eds/bin/gnu/h-x86_64-mingw32/bin/../lib/gcc/nios2-elf/4.9.2/../../../../../H-x86_64-mingw32/nios2-elf/lib/mno-hw-mul\libc.a(lib_a-impure.o)
                0x0000000000021084                _global_impure_ptr
 .sdata._impure_ptr
                0x0000000000021088        0x4 c:/altera_lite/15.1/nios2eds/bin/gnu/h-x86_64-mingw32/bin/../lib/gcc/nios2-elf/4.9.2/../../../../../H-x86_64-mingw32/nios2-elf/lib/mno-hw-mul\libc.a(lib_a-impure.o)
                0x0000000000021088                _impure_ptr
 *(.sdata2 .sdata2.* .gnu.linkonce.s2.*)
                0x000000000002108c                . = ALIGN (0x4)
                0x000000000002108c                _edata = ABSOLUTE (.)
                0x000000000002108c                PROVIDE (edata, ABSOLUTE (.))
                0x000000000002108c                PROVIDE (__ram_rwdata_end, ABSOLUTE (.))
                0x000000000002108c                PROVIDE (__flash_rwdata_start, LOADADDR (.rwdata))

.bss            0x0000000000021688       0x10
                0x0000000000021688                __bss_start = ABSOLUTE (.)
                0x0000000000021688                PROVIDE (__sbss_start, ABSOLUTE (.))
                0x0000000000021688                PROVIDE (___sbss_start, ABSOLUTE (.))
 *(.dynsbss)
 *(.sbss .sbss.* .gnu.linkonce.sb.*)
 .sbss          0x0000000000021688        0xc ../ConexionHex_bsp/\libhal_bsp.a(alt_main.o)
                0x0000000000021688                alt_argc
                0x000000000002168c                alt_argv
                0x0000000000021690                alt_envp
 .sbss          0x0000000000021694        0x4 c:/altera_lite/15.1/nios2eds/bin/gnu/h-x86_64-mingw32/bin/../lib/gcc/nios2-elf/4.9.2/../../../../../H-x86_64-mingw32/nios2-elf/lib/mno-hw-mul\libc.a(lib_a-int_errno.o)
                0x0000000000021694                errno
 *(.sbss2 .sbss2.* .gnu.linkonce.sb2.*)
 *(.scommon)
                0x0000000000021698                PROVIDE (__sbss_end, ABSOLUTE (.))
                0x0000000000021698                PROVIDE (___sbss_end, ABSOLUTE (.))
 *(.dynbss)
 *(.bss .bss.* .gnu.linkonce.b.*)
 .bss           0x0000000000021698        0x0 ../ConexionHex_bsp//obj/HAL/src/crt0.o
 .bss           0x0000000000021698        0x0 obj/default/hello_world.o
 .bss           0x0000000000021698        0x0 c:/altera_lite/15.1/nios2eds/bin/gnu/h-x86_64-mingw32/bin/../lib/gcc/nios2-elf/4.9.2/mno-hw-mul\libgcc.a(lib2-mul.o)
 .bss           0x0000000000021698        0x0 ../ConexionHex_bsp/\libhal_bsp.a(alt_load.o)
 .bss           0x0000000000021698        0x0 ../ConexionHex_bsp/\libhal_bsp.a(alt_main.o)
 .bss           0x0000000000021698        0x0 ../ConexionHex_bsp/\libhal_bsp.a(alt_sys_init.o)
 .bss           0x0000000000021698        0x0 ../ConexionHex_bsp/\libhal_bsp.a(alt_close.o)
 .bss           0x0000000000021698        0x0 ../ConexionHex_bsp/\libhal_bsp.a(alt_dcache_flush_all.o)
 .bss           0x0000000000021698        0x0 ../ConexionHex_bsp/\libhal_bsp.a(alt_dev.o)
 .bss           0x0000000000021698        0x0 ../ConexionHex_bsp/\libhal_bsp.a(alt_do_ctors.o)
 .bss           0x0000000000021698        0x0 ../ConexionHex_bsp/\libhal_bsp.a(alt_do_dtors.o)
 .bss           0x0000000000021698        0x0 ../ConexionHex_bsp/\libhal_bsp.a(alt_errno.o)
 .bss           0x0000000000021698        0x0 ../ConexionHex_bsp/\libhal_bsp.a(alt_icache_flush_all.o)
 .bss           0x0000000000021698        0x0 ../ConexionHex_bsp/\libhal_bsp.a(alt_release_fd.o)
 .bss           0x0000000000021698        0x0 ../ConexionHex_bsp/\libhal_bsp.a(altera_nios2_gen2_irq.o)
 .bss           0x0000000000021698        0x0 c:/altera_lite/15.1/nios2eds/bin/gnu/h-x86_64-mingw32/bin/../lib/gcc/nios2-elf/4.9.2/../../../../../H-x86_64-mingw32/nios2-elf/lib/mno-hw-mul\libc.a(lib_a-atexit.o)
 .bss           0x0000000000021698        0x0 c:/altera_lite/15.1/nios2eds/bin/gnu/h-x86_64-mingw32/bin/../lib/gcc/nios2-elf/4.9.2/../../../../../H-x86_64-mingw32/nios2-elf/lib/mno-hw-mul\libc.a(lib_a-exit.o)
 .bss           0x0000000000021698        0x0 c:/altera_lite/15.1/nios2eds/bin/gnu/h-x86_64-mingw32/bin/../lib/gcc/nios2-elf/4.9.2/../../../../../H-x86_64-mingw32/nios2-elf/lib/mno-hw-mul\libc.a(lib_a-impure.o)
 .bss           0x0000000000021698        0x0 c:/altera_lite/15.1/nios2eds/bin/gnu/h-x86_64-mingw32/bin/../lib/gcc/nios2-elf/4.9.2/../../../../../H-x86_64-mingw32/nios2-elf/lib/mno-hw-mul\libc.a(lib_a-int_errno.o)
 .bss           0x0000000000021698        0x0 c:/altera_lite/15.1/nios2eds/bin/gnu/h-x86_64-mingw32/bin/../lib/gcc/nios2-elf/4.9.2/../../../../../H-x86_64-mingw32/nios2-elf/lib/mno-hw-mul\libc.a(lib_a-__atexit.o)
 .bss           0x0000000000021698        0x0 c:/altera_lite/15.1/nios2eds/bin/gnu/h-x86_64-mingw32/bin/../lib/gcc/nios2-elf/4.9.2/../../../../../H-x86_64-mingw32/nios2-elf/lib/mno-hw-mul\libc.a(lib_a-__call_atexit.o)
 .bss           0x0000000000021698        0x0 ../ConexionHex_bsp/\libhal_bsp.a(alt_exit.o)
 *(COMMON)
                0x0000000000021698                . = ALIGN (0x4)
                0x0000000000021698                __bss_end = ABSOLUTE (.)

.onchip_memory  0x0000000000021698        0x0
                0x0000000000021698                PROVIDE (_alt_partition_onchip_memory_start, ABSOLUTE (.))
 *(.onchip_memory .onchip_memory. onchip_memory.*)
                0x0000000000021698                . = ALIGN (0x4)
                0x0000000000021698                PROVIDE (_alt_partition_onchip_memory_end, ABSOLUTE (.))
                0x0000000000021698                _end = ABSOLUTE (.)
                0x0000000000021698                end = ABSOLUTE (.)
                0x0000000000021698                __alt_stack_base = ABSOLUTE (.)
                0x0000000000021698                PROVIDE (_alt_partition_onchip_memory_load_addr, LOADADDR (.onchip_memory))

.stab
 *(.stab)

.stabstr
 *(.stabstr)

.stab.excl
 *(.stab.excl)

.stab.exclstr
 *(.stab.exclstr)

.stab.index
 *(.stab.index)

.stab.indexstr
 *(.stab.indexstr)

.comment        0x0000000000000000       0x23
 *(.comment)
 .comment       0x0000000000000000       0x23 obj/default/hello_world.o
                                         0x24 (size before relaxing)
 .comment       0x0000000000000000       0x24 c:/altera_lite/15.1/nios2eds/bin/gnu/h-x86_64-mingw32/bin/../lib/gcc/nios2-elf/4.9.2/mno-hw-mul\libgcc.a(lib2-mul.o)
 .comment       0x0000000000000000       0x24 ../ConexionHex_bsp/\libhal_bsp.a(alt_load.o)
 .comment       0x0000000000000000       0x24 ../ConexionHex_bsp/\libhal_bsp.a(alt_main.o)
 .comment       0x0000000000000000       0x24 ../ConexionHex_bsp/\libhal_bsp.a(alt_sys_init.o)
 .comment       0x0000000000000000       0x24 ../ConexionHex_bsp/\libhal_bsp.a(alt_close.o)
 .comment       0x0000000000000000       0x24 ../ConexionHex_bsp/\libhal_bsp.a(alt_dcache_flush_all.o)
 .comment       0x0000000000000000       0x24 ../ConexionHex_bsp/\libhal_bsp.a(alt_dev.o)
 .comment       0x0000000000000000       0x24 ../ConexionHex_bsp/\libhal_bsp.a(alt_do_ctors.o)
 .comment       0x0000000000000000       0x24 ../ConexionHex_bsp/\libhal_bsp.a(alt_do_dtors.o)
 .comment       0x0000000000000000       0x24 ../ConexionHex_bsp/\libhal_bsp.a(alt_errno.o)
 .comment       0x0000000000000000       0x24 ../ConexionHex_bsp/\libhal_bsp.a(alt_icache_flush_all.o)
 .comment       0x0000000000000000       0x24 ../ConexionHex_bsp/\libhal_bsp.a(alt_release_fd.o)
 .comment       0x0000000000000000       0x24 ../ConexionHex_bsp/\libhal_bsp.a(altera_nios2_gen2_irq.o)
 .comment       0x0000000000000000       0x24 c:/altera_lite/15.1/nios2eds/bin/gnu/h-x86_64-mingw32/bin/../lib/gcc/nios2-elf/4.9.2/../../../../../H-x86_64-mingw32/nios2-elf/lib/mno-hw-mul\libc.a(lib_a-atexit.o)
 .comment       0x0000000000000000       0x24 c:/altera_lite/15.1/nios2eds/bin/gnu/h-x86_64-mingw32/bin/../lib/gcc/nios2-elf/4.9.2/../../../../../H-x86_64-mingw32/nios2-elf/lib/mno-hw-mul\libc.a(lib_a-exit.o)
 .comment       0x0000000000000000       0x24 c:/altera_lite/15.1/nios2eds/bin/gnu/h-x86_64-mingw32/bin/../lib/gcc/nios2-elf/4.9.2/../../../../../H-x86_64-mingw32/nios2-elf/lib/mno-hw-mul\libc.a(lib_a-impure.o)
 .comment       0x0000000000000000       0x24 c:/altera_lite/15.1/nios2eds/bin/gnu/h-x86_64-mingw32/bin/../lib/gcc/nios2-elf/4.9.2/../../../../../H-x86_64-mingw32/nios2-elf/lib/mno-hw-mul\libc.a(lib_a-int_errno.o)
 .comment       0x0000000000000000       0x24 c:/altera_lite/15.1/nios2eds/bin/gnu/h-x86_64-mingw32/bin/../lib/gcc/nios2-elf/4.9.2/../../../../../H-x86_64-mingw32/nios2-elf/lib/mno-hw-mul\libc.a(lib_a-__atexit.o)
 .comment       0x0000000000000000       0x24 c:/altera_lite/15.1/nios2eds/bin/gnu/h-x86_64-mingw32/bin/../lib/gcc/nios2-elf/4.9.2/../../../../../H-x86_64-mingw32/nios2-elf/lib/mno-hw-mul\libc.a(lib_a-__call_atexit.o)
 .comment       0x0000000000000000       0x24 ../ConexionHex_bsp/\libhal_bsp.a(alt_exit.o)

.debug
 *(.debug)

.line
 *(.line)

.debug_srcinfo
 *(.debug_srcinfo)

.debug_sfnames
 *(.debug_sfnames)

.debug_aranges  0x0000000000000000      0x2b0
 *(.debug_aranges)
 .debug_aranges
                0x0000000000000000       0x28 ../ConexionHex_bsp//obj/HAL/src/crt0.o
 .debug_aranges
                0x0000000000000028       0x20 obj/default/hello_world.o
 .debug_aranges
                0x0000000000000048       0x20 c:/altera_lite/15.1/nios2eds/bin/gnu/h-x86_64-mingw32/bin/../lib/gcc/nios2-elf/4.9.2/mno-hw-mul\libgcc.a(lib2-mul.o)
 .debug_aranges
                0x0000000000000068       0x20 ../ConexionHex_bsp/\libhal_bsp.a(alt_load.o)
 .debug_aranges
                0x0000000000000088       0x20 ../ConexionHex_bsp/\libhal_bsp.a(alt_main.o)
 .debug_aranges
                0x00000000000000a8       0x20 ../ConexionHex_bsp/\libhal_bsp.a(alt_sys_init.o)
 .debug_aranges
                0x00000000000000c8       0x20 ../ConexionHex_bsp/\libhal_bsp.a(alt_close.o)
 .debug_aranges
                0x00000000000000e8       0x20 ../ConexionHex_bsp/\libhal_bsp.a(alt_dcache_flush_all.o)
 .debug_aranges
                0x0000000000000108       0x20 ../ConexionHex_bsp/\libhal_bsp.a(alt_dev.o)
 .debug_aranges
                0x0000000000000128       0x20 ../ConexionHex_bsp/\libhal_bsp.a(alt_do_ctors.o)
 .debug_aranges
                0x0000000000000148       0x20 ../ConexionHex_bsp/\libhal_bsp.a(alt_do_dtors.o)
 .debug_aranges
                0x0000000000000168       0x18 ../ConexionHex_bsp/\libhal_bsp.a(alt_errno.o)
 .debug_aranges
                0x0000000000000180       0x20 ../ConexionHex_bsp/\libhal_bsp.a(alt_icache_flush_all.o)
 .debug_aranges
                0x00000000000001a0       0x20 ../ConexionHex_bsp/\libhal_bsp.a(alt_release_fd.o)
 .debug_aranges
                0x00000000000001c0       0x20 ../ConexionHex_bsp/\libhal_bsp.a(altera_nios2_gen2_irq.o)
 .debug_aranges
                0x00000000000001e0       0x20 c:/altera_lite/15.1/nios2eds/bin/gnu/h-x86_64-mingw32/bin/../lib/gcc/nios2-elf/4.9.2/../../../../../H-x86_64-mingw32/nios2-elf/lib/mno-hw-mul\libc.a(lib_a-atexit.o)
 .debug_aranges
                0x0000000000000200       0x20 c:/altera_lite/15.1/nios2eds/bin/gnu/h-x86_64-mingw32/bin/../lib/gcc/nios2-elf/4.9.2/../../../../../H-x86_64-mingw32/nios2-elf/lib/mno-hw-mul\libc.a(lib_a-exit.o)
 .debug_aranges
                0x0000000000000220       0x18 c:/altera_lite/15.1/nios2eds/bin/gnu/h-x86_64-mingw32/bin/../lib/gcc/nios2-elf/4.9.2/../../../../../H-x86_64-mingw32/nios2-elf/lib/mno-hw-mul\libc.a(lib_a-impure.o)
 .debug_aranges
                0x0000000000000238       0x18 c:/altera_lite/15.1/nios2eds/bin/gnu/h-x86_64-mingw32/bin/../lib/gcc/nios2-elf/4.9.2/../../../../../H-x86_64-mingw32/nios2-elf/lib/mno-hw-mul\libc.a(lib_a-int_errno.o)
 .debug_aranges
                0x0000000000000250       0x20 c:/altera_lite/15.1/nios2eds/bin/gnu/h-x86_64-mingw32/bin/../lib/gcc/nios2-elf/4.9.2/../../../../../H-x86_64-mingw32/nios2-elf/lib/mno-hw-mul\libc.a(lib_a-__atexit.o)
 .debug_aranges
                0x0000000000000270       0x20 c:/altera_lite/15.1/nios2eds/bin/gnu/h-x86_64-mingw32/bin/../lib/gcc/nios2-elf/4.9.2/../../../../../H-x86_64-mingw32/nios2-elf/lib/mno-hw-mul\libc.a(lib_a-__call_atexit.o)
 .debug_aranges
                0x0000000000000290       0x20 ../ConexionHex_bsp/\libhal_bsp.a(alt_exit.o)

.debug_pubnames
 *(.debug_pubnames)

.debug_info     0x0000000000000000     0x3a93
 *(.debug_info .gnu.linkonce.wi.*)
 .debug_info    0x0000000000000000       0x76 ../ConexionHex_bsp//obj/HAL/src/crt0.o
 .debug_info    0x0000000000000076      0x150 obj/default/hello_world.o
 .debug_info    0x00000000000001c6       0xb4 c:/altera_lite/15.1/nios2eds/bin/gnu/h-x86_64-mingw32/bin/../lib/gcc/nios2-elf/4.9.2/mno-hw-mul\libgcc.a(lib2-mul.o)
 .debug_info    0x000000000000027a      0x13e ../ConexionHex_bsp/\libhal_bsp.a(alt_load.o)
 .debug_info    0x00000000000003b8      0x150 ../ConexionHex_bsp/\libhal_bsp.a(alt_main.o)
 .debug_info    0x0000000000000508       0xf3 ../ConexionHex_bsp/\libhal_bsp.a(alt_sys_init.o)
 .debug_info    0x00000000000005fb      0x31a ../ConexionHex_bsp/\libhal_bsp.a(alt_close.o)
 .debug_info    0x0000000000000915       0x8b ../ConexionHex_bsp/\libhal_bsp.a(alt_dcache_flush_all.o)
 .debug_info    0x00000000000009a0      0x495 ../ConexionHex_bsp/\libhal_bsp.a(alt_dev.o)
 .debug_info    0x0000000000000e35       0x83 ../ConexionHex_bsp/\libhal_bsp.a(alt_do_ctors.o)
 .debug_info    0x0000000000000eb8       0x83 ../ConexionHex_bsp/\libhal_bsp.a(alt_do_dtors.o)
 .debug_info    0x0000000000000f3b       0x9f ../ConexionHex_bsp/\libhal_bsp.a(alt_errno.o)
 .debug_info    0x0000000000000fda       0x8b ../ConexionHex_bsp/\libhal_bsp.a(alt_icache_flush_all.o)
 .debug_info    0x0000000000001065      0x2b0 ../ConexionHex_bsp/\libhal_bsp.a(alt_release_fd.o)
 .debug_info    0x0000000000001315       0xb1 ../ConexionHex_bsp/\libhal_bsp.a(altera_nios2_gen2_irq.o)
 .debug_info    0x00000000000013c6      0x10a c:/altera_lite/15.1/nios2eds/bin/gnu/h-x86_64-mingw32/bin/../lib/gcc/nios2-elf/4.9.2/../../../../../H-x86_64-mingw32/nios2-elf/lib/mno-hw-mul\libc.a(lib_a-atexit.o)
 .debug_info    0x00000000000014d0      0x8ef c:/altera_lite/15.1/nios2eds/bin/gnu/h-x86_64-mingw32/bin/../lib/gcc/nios2-elf/4.9.2/../../../../../H-x86_64-mingw32/nios2-elf/lib/mno-hw-mul\libc.a(lib_a-exit.o)
 .debug_info    0x0000000000001dbf      0x89f c:/altera_lite/15.1/nios2eds/bin/gnu/h-x86_64-mingw32/bin/../lib/gcc/nios2-elf/4.9.2/../../../../../H-x86_64-mingw32/nios2-elf/lib/mno-hw-mul\libc.a(lib_a-impure.o)
 .debug_info    0x000000000000265e       0x83 c:/altera_lite/15.1/nios2eds/bin/gnu/h-x86_64-mingw32/bin/../lib/gcc/nios2-elf/4.9.2/../../../../../H-x86_64-mingw32/nios2-elf/lib/mno-hw-mul\libc.a(lib_a-int_errno.o)
 .debug_info    0x00000000000026e1      0x93f c:/altera_lite/15.1/nios2eds/bin/gnu/h-x86_64-mingw32/bin/../lib/gcc/nios2-elf/4.9.2/../../../../../H-x86_64-mingw32/nios2-elf/lib/mno-hw-mul\libc.a(lib_a-__atexit.o)
 .debug_info    0x0000000000003020      0x964 c:/altera_lite/15.1/nios2eds/bin/gnu/h-x86_64-mingw32/bin/../lib/gcc/nios2-elf/4.9.2/../../../../../H-x86_64-mingw32/nios2-elf/lib/mno-hw-mul\libc.a(lib_a-__call_atexit.o)
 .debug_info    0x0000000000003984      0x10f ../ConexionHex_bsp/\libhal_bsp.a(alt_exit.o)

.debug_abbrev   0x0000000000000000     0x11c2
 *(.debug_abbrev)
 .debug_abbrev  0x0000000000000000       0x12 ../ConexionHex_bsp//obj/HAL/src/crt0.o
 .debug_abbrev  0x0000000000000012       0x8c obj/default/hello_world.o
 .debug_abbrev  0x000000000000009e       0x6f c:/altera_lite/15.1/nios2eds/bin/gnu/h-x86_64-mingw32/bin/../lib/gcc/nios2-elf/4.9.2/mno-hw-mul\libgcc.a(lib2-mul.o)
 .debug_abbrev  0x000000000000010d       0x9f ../ConexionHex_bsp/\libhal_bsp.a(alt_load.o)
 .debug_abbrev  0x00000000000001ac       0xc1 ../ConexionHex_bsp/\libhal_bsp.a(alt_main.o)
 .debug_abbrev  0x000000000000026d       0xbc ../ConexionHex_bsp/\libhal_bsp.a(alt_sys_init.o)
 .debug_abbrev  0x0000000000000329      0x11f ../ConexionHex_bsp/\libhal_bsp.a(alt_close.o)
 .debug_abbrev  0x0000000000000448       0x42 ../ConexionHex_bsp/\libhal_bsp.a(alt_dcache_flush_all.o)
 .debug_abbrev  0x000000000000048a       0xd9 ../ConexionHex_bsp/\libhal_bsp.a(alt_dev.o)
 .debug_abbrev  0x0000000000000563       0x79 ../ConexionHex_bsp/\libhal_bsp.a(alt_do_ctors.o)
 .debug_abbrev  0x00000000000005dc       0x79 ../ConexionHex_bsp/\libhal_bsp.a(alt_do_dtors.o)
 .debug_abbrev  0x0000000000000655       0x5a ../ConexionHex_bsp/\libhal_bsp.a(alt_errno.o)
 .debug_abbrev  0x00000000000006af       0x42 ../ConexionHex_bsp/\libhal_bsp.a(alt_icache_flush_all.o)
 .debug_abbrev  0x00000000000006f1       0xde ../ConexionHex_bsp/\libhal_bsp.a(alt_release_fd.o)
 .debug_abbrev  0x00000000000007cf       0x67 ../ConexionHex_bsp/\libhal_bsp.a(altera_nios2_gen2_irq.o)
 .debug_abbrev  0x0000000000000836       0xb8 c:/altera_lite/15.1/nios2eds/bin/gnu/h-x86_64-mingw32/bin/../lib/gcc/nios2-elf/4.9.2/../../../../../H-x86_64-mingw32/nios2-elf/lib/mno-hw-mul\libc.a(lib_a-atexit.o)
 .debug_abbrev  0x00000000000008ee      0x1f5 c:/altera_lite/15.1/nios2eds/bin/gnu/h-x86_64-mingw32/bin/../lib/gcc/nios2-elf/4.9.2/../../../../../H-x86_64-mingw32/nios2-elf/lib/mno-hw-mul\libc.a(lib_a-exit.o)
 .debug_abbrev  0x0000000000000ae3      0x18f c:/altera_lite/15.1/nios2eds/bin/gnu/h-x86_64-mingw32/bin/../lib/gcc/nios2-elf/4.9.2/../../../../../H-x86_64-mingw32/nios2-elf/lib/mno-hw-mul\libc.a(lib_a-impure.o)
 .debug_abbrev  0x0000000000000c72       0x37 c:/altera_lite/15.1/nios2eds/bin/gnu/h-x86_64-mingw32/bin/../lib/gcc/nios2-elf/4.9.2/../../../../../H-x86_64-mingw32/nios2-elf/lib/mno-hw-mul\libc.a(lib_a-int_errno.o)
 .debug_abbrev  0x0000000000000ca9      0x21e c:/altera_lite/15.1/nios2eds/bin/gnu/h-x86_64-mingw32/bin/../lib/gcc/nios2-elf/4.9.2/../../../../../H-x86_64-mingw32/nios2-elf/lib/mno-hw-mul\libc.a(lib_a-__atexit.o)
 .debug_abbrev  0x0000000000000ec7      0x22e c:/altera_lite/15.1/nios2eds/bin/gnu/h-x86_64-mingw32/bin/../lib/gcc/nios2-elf/4.9.2/../../../../../H-x86_64-mingw32/nios2-elf/lib/mno-hw-mul\libc.a(lib_a-__call_atexit.o)
 .debug_abbrev  0x00000000000010f5       0xcd ../ConexionHex_bsp/\libhal_bsp.a(alt_exit.o)

.debug_line     0x0000000000000000     0x1265
 *(.debug_line)
 .debug_line    0x0000000000000000       0x66 ../ConexionHex_bsp//obj/HAL/src/crt0.o
 .debug_line    0x0000000000000066       0x91 obj/default/hello_world.o
 .debug_line    0x00000000000000f7       0x80 c:/altera_lite/15.1/nios2eds/bin/gnu/h-x86_64-mingw32/bin/../lib/gcc/nios2-elf/4.9.2/mno-hw-mul\libgcc.a(lib2-mul.o)
 .debug_line    0x0000000000000177       0x8d ../ConexionHex_bsp/\libhal_bsp.a(alt_load.o)
 .debug_line    0x0000000000000204       0xcd ../ConexionHex_bsp/\libhal_bsp.a(alt_main.o)
 .debug_line    0x00000000000002d1       0xa7 ../ConexionHex_bsp/\libhal_bsp.a(alt_sys_init.o)
 .debug_line    0x0000000000000378      0x163 ../ConexionHex_bsp/\libhal_bsp.a(alt_close.o)
 .debug_line    0x00000000000004db       0x51 ../ConexionHex_bsp/\libhal_bsp.a(alt_dcache_flush_all.o)
 .debug_line    0x000000000000052c       0xf5 ../ConexionHex_bsp/\libhal_bsp.a(alt_dev.o)
 .debug_line    0x0000000000000621       0x59 ../ConexionHex_bsp/\libhal_bsp.a(alt_do_ctors.o)
 .debug_line    0x000000000000067a       0x59 ../ConexionHex_bsp/\libhal_bsp.a(alt_do_dtors.o)
 .debug_line    0x00000000000006d3       0x51 ../ConexionHex_bsp/\libhal_bsp.a(alt_errno.o)
 .debug_line    0x0000000000000724       0x4f ../ConexionHex_bsp/\libhal_bsp.a(alt_icache_flush_all.o)
 .debug_line    0x0000000000000773       0xb0 ../ConexionHex_bsp/\libhal_bsp.a(alt_release_fd.o)
 .debug_line    0x0000000000000823       0x8d ../ConexionHex_bsp/\libhal_bsp.a(altera_nios2_gen2_irq.o)
 .debug_line    0x00000000000008b0       0xe7 c:/altera_lite/15.1/nios2eds/bin/gnu/h-x86_64-mingw32/bin/../lib/gcc/nios2-elf/4.9.2/../../../../../H-x86_64-mingw32/nios2-elf/lib/mno-hw-mul\libc.a(lib_a-atexit.o)
 .debug_line    0x0000000000000997      0x1fc c:/altera_lite/15.1/nios2eds/bin/gnu/h-x86_64-mingw32/bin/../lib/gcc/nios2-elf/4.9.2/../../../../../H-x86_64-mingw32/nios2-elf/lib/mno-hw-mul\libc.a(lib_a-exit.o)
 .debug_line    0x0000000000000b93      0x160 c:/altera_lite/15.1/nios2eds/bin/gnu/h-x86_64-mingw32/bin/../lib/gcc/nios2-elf/4.9.2/../../../../../H-x86_64-mingw32/nios2-elf/lib/mno-hw-mul\libc.a(lib_a-impure.o)
 .debug_line    0x0000000000000cf3       0x5f c:/altera_lite/15.1/nios2eds/bin/gnu/h-x86_64-mingw32/bin/../lib/gcc/nios2-elf/4.9.2/../../../../../H-x86_64-mingw32/nios2-elf/lib/mno-hw-mul\libc.a(lib_a-int_errno.o)
 .debug_line    0x0000000000000d52      0x225 c:/altera_lite/15.1/nios2eds/bin/gnu/h-x86_64-mingw32/bin/../lib/gcc/nios2-elf/4.9.2/../../../../../H-x86_64-mingw32/nios2-elf/lib/mno-hw-mul\libc.a(lib_a-__atexit.o)
 .debug_line    0x0000000000000f77      0x241 c:/altera_lite/15.1/nios2eds/bin/gnu/h-x86_64-mingw32/bin/../lib/gcc/nios2-elf/4.9.2/../../../../../H-x86_64-mingw32/nios2-elf/lib/mno-hw-mul\libc.a(lib_a-__call_atexit.o)
 .debug_line    0x00000000000011b8       0xad ../ConexionHex_bsp/\libhal_bsp.a(alt_exit.o)

.debug_frame    0x0000000000000000      0x40c
 *(.debug_frame)
 .debug_frame   0x0000000000000000       0x2c obj/default/hello_world.o
 .debug_frame   0x000000000000002c       0x20 c:/altera_lite/15.1/nios2eds/bin/gnu/h-x86_64-mingw32/bin/../lib/gcc/nios2-elf/4.9.2/mno-hw-mul\libgcc.a(lib2-mul.o)
 .debug_frame   0x000000000000004c       0x5c ../ConexionHex_bsp/\libhal_bsp.a(alt_load.o)
 .debug_frame   0x00000000000000a8       0x2c ../ConexionHex_bsp/\libhal_bsp.a(alt_main.o)
 .debug_frame   0x00000000000000d4       0x5c ../ConexionHex_bsp/\libhal_bsp.a(alt_sys_init.o)
 .debug_frame   0x0000000000000130       0x60 ../ConexionHex_bsp/\libhal_bsp.a(alt_close.o)
 .debug_frame   0x0000000000000190       0x34 ../ConexionHex_bsp/\libhal_bsp.a(alt_dcache_flush_all.o)
 .debug_frame   0x00000000000001c4       0x34 ../ConexionHex_bsp/\libhal_bsp.a(alt_dev.o)
 .debug_frame   0x00000000000001f8       0x38 ../ConexionHex_bsp/\libhal_bsp.a(alt_do_ctors.o)
 .debug_frame   0x0000000000000230       0x38 ../ConexionHex_bsp/\libhal_bsp.a(alt_do_dtors.o)
 .debug_frame   0x0000000000000268       0x34 ../ConexionHex_bsp/\libhal_bsp.a(alt_icache_flush_all.o)
 .debug_frame   0x000000000000029c       0x3c ../ConexionHex_bsp/\libhal_bsp.a(alt_release_fd.o)
 .debug_frame   0x00000000000002d8       0x34 ../ConexionHex_bsp/\libhal_bsp.a(altera_nios2_gen2_irq.o)
 .debug_frame   0x000000000000030c       0x20 c:/altera_lite/15.1/nios2eds/bin/gnu/h-x86_64-mingw32/bin/../lib/gcc/nios2-elf/4.9.2/../../../../../H-x86_64-mingw32/nios2-elf/lib/mno-hw-mul\libc.a(lib_a-atexit.o)
 .debug_frame   0x000000000000032c       0x28 c:/altera_lite/15.1/nios2eds/bin/gnu/h-x86_64-mingw32/bin/../lib/gcc/nios2-elf/4.9.2/../../../../../H-x86_64-mingw32/nios2-elf/lib/mno-hw-mul\libc.a(lib_a-exit.o)
 .debug_frame   0x0000000000000354       0x38 c:/altera_lite/15.1/nios2eds/bin/gnu/h-x86_64-mingw32/bin/../lib/gcc/nios2-elf/4.9.2/../../../../../H-x86_64-mingw32/nios2-elf/lib/mno-hw-mul\libc.a(lib_a-__atexit.o)
 .debug_frame   0x000000000000038c       0x54 c:/altera_lite/15.1/nios2eds/bin/gnu/h-x86_64-mingw32/bin/../lib/gcc/nios2-elf/4.9.2/../../../../../H-x86_64-mingw32/nios2-elf/lib/mno-hw-mul\libc.a(lib_a-__call_atexit.o)
 .debug_frame   0x00000000000003e0       0x2c ../ConexionHex_bsp/\libhal_bsp.a(alt_exit.o)

.debug_str      0x0000000000000000      0xf5a
 *(.debug_str)
 .debug_str     0x0000000000000000      0x13d obj/default/hello_world.o
                                        0x17b (size before relaxing)
 .debug_str     0x000000000000013d      0x146 c:/altera_lite/15.1/nios2eds/bin/gnu/h-x86_64-mingw32/bin/../lib/gcc/nios2-elf/4.9.2/mno-hw-mul\libgcc.a(lib2-mul.o)
                                        0x191 (size before relaxing)
 .debug_str     0x0000000000000283      0x159 ../ConexionHex_bsp/\libhal_bsp.a(alt_load.o)
                                        0x223 (size before relaxing)
 .debug_str     0x00000000000003dc       0xd3 ../ConexionHex_bsp/\libhal_bsp.a(alt_main.o)
                                        0x1b1 (size before relaxing)
 .debug_str     0x00000000000004af       0x47 ../ConexionHex_bsp/\libhal_bsp.a(alt_sys_init.o)
                                        0x181 (size before relaxing)
 .debug_str     0x00000000000004f6       0x97 ../ConexionHex_bsp/\libhal_bsp.a(alt_close.o)
                                        0x1f6 (size before relaxing)
 .debug_str     0x000000000000058d       0x34 ../ConexionHex_bsp/\libhal_bsp.a(alt_dcache_flush_all.o)
                                        0x140 (size before relaxing)
 .debug_str     0x00000000000005c1      0x120 ../ConexionHex_bsp/\libhal_bsp.a(alt_dev.o)
                                        0x2f0 (size before relaxing)
 .debug_str     0x00000000000006e1       0x48 ../ConexionHex_bsp/\libhal_bsp.a(alt_do_ctors.o)
                                         0xed (size before relaxing)
 .debug_str     0x0000000000000729       0x4c ../ConexionHex_bsp/\libhal_bsp.a(alt_do_dtors.o)
                                         0xec (size before relaxing)
 .debug_str     0x0000000000000775       0x14 ../ConexionHex_bsp/\libhal_bsp.a(alt_errno.o)
                                        0x156 (size before relaxing)
 .debug_str     0x0000000000000789       0x34 ../ConexionHex_bsp/\libhal_bsp.a(alt_icache_flush_all.o)
                                        0x140 (size before relaxing)
 .debug_str     0x00000000000007bd       0x28 ../ConexionHex_bsp/\libhal_bsp.a(alt_release_fd.o)
                                        0x1ca (size before relaxing)
 .debug_str     0x00000000000007e5       0x3b ../ConexionHex_bsp/\libhal_bsp.a(altera_nios2_gen2_irq.o)
                                        0x170 (size before relaxing)
 .debug_str     0x0000000000000820      0x17a c:/altera_lite/15.1/nios2eds/bin/gnu/h-x86_64-mingw32/bin/../lib/gcc/nios2-elf/4.9.2/../../../../../H-x86_64-mingw32/nios2-elf/lib/mno-hw-mul\libc.a(lib_a-atexit.o)
                                        0x213 (size before relaxing)
 .debug_str     0x000000000000099a      0x3d6 c:/altera_lite/15.1/nios2eds/bin/gnu/h-x86_64-mingw32/bin/../lib/gcc/nios2-elf/4.9.2/../../../../../H-x86_64-mingw32/nios2-elf/lib/mno-hw-mul\libc.a(lib_a-exit.o)
                                        0x5b0 (size before relaxing)
 .debug_str     0x0000000000000d70       0xd6 c:/altera_lite/15.1/nios2eds/bin/gnu/h-x86_64-mingw32/bin/../lib/gcc/nios2-elf/4.9.2/../../../../../H-x86_64-mingw32/nios2-elf/lib/mno-hw-mul\libc.a(lib_a-impure.o)
                                        0x5a7 (size before relaxing)
 .debug_str     0x0000000000000e46       0x3f c:/altera_lite/15.1/nios2eds/bin/gnu/h-x86_64-mingw32/bin/../lib/gcc/nios2-elf/4.9.2/../../../../../H-x86_64-mingw32/nios2-elf/lib/mno-hw-mul\libc.a(lib_a-int_errno.o)
                                        0x1cf (size before relaxing)
 .debug_str     0x0000000000000e85       0x46 c:/altera_lite/15.1/nios2eds/bin/gnu/h-x86_64-mingw32/bin/../lib/gcc/nios2-elf/4.9.2/../../../../../H-x86_64-mingw32/nios2-elf/lib/mno-hw-mul\libc.a(lib_a-__atexit.o)
                                        0x5ef (size before relaxing)
 .debug_str     0x0000000000000ecb       0x65 c:/altera_lite/15.1/nios2eds/bin/gnu/h-x86_64-mingw32/bin/../lib/gcc/nios2-elf/4.9.2/../../../../../H-x86_64-mingw32/nios2-elf/lib/mno-hw-mul\libc.a(lib_a-__call_atexit.o)
                                        0x5d4 (size before relaxing)
 .debug_str     0x0000000000000f30       0x2a ../ConexionHex_bsp/\libhal_bsp.a(alt_exit.o)
                                        0x165 (size before relaxing)

.debug_loc      0x0000000000000000      0x408
 *(.debug_loc)
 .debug_loc     0x0000000000000000       0x93 c:/altera_lite/15.1/nios2eds/bin/gnu/h-x86_64-mingw32/bin/../lib/gcc/nios2-elf/4.9.2/mno-hw-mul\libgcc.a(lib2-mul.o)
 .debug_loc     0x0000000000000093       0x2c c:/altera_lite/15.1/nios2eds/bin/gnu/h-x86_64-mingw32/bin/../lib/gcc/nios2-elf/4.9.2/../../../../../H-x86_64-mingw32/nios2-elf/lib/mno-hw-mul\libc.a(lib_a-atexit.o)
 .debug_loc     0x00000000000000bf       0x1e c:/altera_lite/15.1/nios2eds/bin/gnu/h-x86_64-mingw32/bin/../lib/gcc/nios2-elf/4.9.2/../../../../../H-x86_64-mingw32/nios2-elf/lib/mno-hw-mul\libc.a(lib_a-exit.o)
 .debug_loc     0x00000000000000dd      0x185 c:/altera_lite/15.1/nios2eds/bin/gnu/h-x86_64-mingw32/bin/../lib/gcc/nios2-elf/4.9.2/../../../../../H-x86_64-mingw32/nios2-elf/lib/mno-hw-mul\libc.a(lib_a-__atexit.o)
 .debug_loc     0x0000000000000262      0x1a6 c:/altera_lite/15.1/nios2eds/bin/gnu/h-x86_64-mingw32/bin/../lib/gcc/nios2-elf/4.9.2/../../../../../H-x86_64-mingw32/nios2-elf/lib/mno-hw-mul\libc.a(lib_a-__call_atexit.o)

.debug_macinfo
 *(.debug_macinfo)

.debug_weaknames
 *(.debug_weaknames)

.debug_funcnames
 *(.debug_funcnames)

.debug_typenames
 *(.debug_typenames)

.debug_varnames
 *(.debug_varnames)

.debug_alt_sim_info
                0x0000000000000000       0x10
 *(.debug_alt_sim_info)
 .debug_alt_sim_info
                0x0000000000000000       0x10 ../ConexionHex_bsp//obj/HAL/src/crt0.o
                0x0000000000040000                __alt_data_end = 0x40000
                0x0000000000040000                PROVIDE (__alt_stack_pointer, __alt_data_end)
                0x0000000000021698                PROVIDE (__alt_stack_limit, __alt_stack_base)
                0x0000000000021698                PROVIDE (__alt_heap_start, end)
                0x0000000000040000                PROVIDE (__alt_heap_limit, 0x40000)
OUTPUT(ConexionHex.elf elf32-littlenios2)

.debug_ranges   0x0000000000000000       0x78
 .debug_ranges  0x0000000000000000       0x20 ../ConexionHex_bsp//obj/HAL/src/crt0.o
 .debug_ranges  0x0000000000000020       0x10 c:/altera_lite/15.1/nios2eds/bin/gnu/h-x86_64-mingw32/bin/../lib/gcc/nios2-elf/4.9.2/../../../../../H-x86_64-mingw32/nios2-elf/lib/mno-hw-mul\libc.a(lib_a-atexit.o)
 .debug_ranges  0x0000000000000030       0x10 c:/altera_lite/15.1/nios2eds/bin/gnu/h-x86_64-mingw32/bin/../lib/gcc/nios2-elf/4.9.2/../../../../../H-x86_64-mingw32/nios2-elf/lib/mno-hw-mul\libc.a(lib_a-exit.o)
 .debug_ranges  0x0000000000000040       0x10 c:/altera_lite/15.1/nios2eds/bin/gnu/h-x86_64-mingw32/bin/../lib/gcc/nios2-elf/4.9.2/../../../../../H-x86_64-mingw32/nios2-elf/lib/mno-hw-mul\libc.a(lib_a-__atexit.o)
 .debug_ranges  0x0000000000000050       0x28 c:/altera_lite/15.1/nios2eds/bin/gnu/h-x86_64-mingw32/bin/../lib/gcc/nios2-elf/4.9.2/../../../../../H-x86_64-mingw32/nios2-elf/lib/mno-hw-mul\libc.a(lib_a-__call_atexit.o)
